
 RULE2

 Start     Length     Name                   Class
 0001:0000 01486H     _TEXT                  CODE
 0002:0000 00010H     NULL                   BEGDATA
 0002:0010 000F0H     _DATA                  DATA
 0002:0100 0000EH     CDATA                  DATA
 0002:010E 00000H     XIFB                   DATA
 0002:010E 00000H     XIF                    DATA
 0002:010E 00000H     XIFE                   DATA
 0002:010E 00000H     XIB                    DATA
 0002:010E 00000H     XI                     DATA
 0002:010E 00000H     XIE                    DATA
 0002:010E 00000H     XPB                    DATA
 0002:010E 00000H     XP                     DATA
 0002:010E 00000H     XPE                    DATA
 0002:010E 00000H     XCB                    DATA
 0002:010E 00000H     XC                     DATA
 0002:010E 00000H     XCE                    DATA
 0002:010E 00000H     XCFB                   DATA
 0002:010E 00000H     XCFCRT                 DATA
 0002:010E 00000H     XCF                    DATA
 0002:010E 00000H     XCFE                   DATA
 0002:010E 00000H     XIFCB                  DATA
 0002:010E 00000H     XIFU                   DATA
 0002:010E 00000H     XIFL                   DATA
 0002:010E 00000H     XIFM                   DATA
 0002:010E 00000H     XIFCE                  DATA
 0002:010E 00000H     DBDATA                 DATA
 0002:010E 00000H     CONST                  CONST
 0002:010E 00008H     HDR                    MSG
 0002:0116 00146H     MSG                    MSG
 0002:025C 00002H     PAD                    MSG
 0002:025E 00001H     EPAD                   MSG
 0002:0260 0000CH     _BSS                   BSS
 0002:026C 00000H     XOB                    BSS
 0002:026C 00000H     XO                     BSS
 0002:026C 00000H     XOE                    BSS
 0002:026C 00000H     XOFB                   BSS
 0002:026C 00000H     XOF                    BSS
 0002:026C 00000H     XOFE                   BSS

 Origin   Group
 0002:0   DGROUP

 Address   Export                  Alias

 0001:05BE RuleAppWndProc          RuleAppWndProc

Program entry point at 0001:0bec
